
R version 3.4.2 (2017-09-28) -- "Short Summer"
Copyright (C) 2017 The R Foundation for Statistical Computing
Platform: x86_64-w64-mingw32/x64 (64-bit)

R is free software and comes with ABSOLUTELY NO WARRANTY.
You are welcome to redistribute it under certain conditions.
Type 'license()' or 'licence()' for distribution details.

R is a collaborative project with many contributors.
Type 'contributors()' for more information and
'citation()' on how to cite R or R packages in publications.

Type 'demo()' for some demos, 'help()' for on-line help, or
'help.start()' for an HTML browser interface to help.
Type 'q()' to quit R.

> use_r(name = "create_ape")
Error in use_r(name = "create_ape") : could not find function "use_r"
> usethis::use_r(name = "create_ape")
● Modify 'create_ape.R'
> library("usethis", lib.loc="~/R/win-library/3.4")
Warning message:
package ‘usethis’ was built under R version 3.4.3
> library("devtools", lib.loc="~/R/win-library/3.4")

Attaching package: ‘devtools’

The following objects are masked from ‘package:usethis’:

    use_appveyor, use_build_ignore, use_code_of_conduct, use_coverage,
    use_cran_badge, use_cran_comments, use_data, use_data_raw, use_dev_version,
    use_git, use_git_hook, use_github, use_github_links, use_gpl3_license,
    use_mit_license, use_news_md, use_package, use_package_doc, use_rcpp,
    use_readme_md, use_readme_rmd, use_revdep, use_rstudio, use_test, use_testthat,
    use_travis, use_vignette

> load_all()
Loading iemand
> create_age()
Error in create_age() : could not find function "create_age"
> load_all()
Loading iemand
> load_all()
Loading iemand
> create_age()
[1] 14
> document()
Updating iemand documentation
Loading iemand
Updating roxygen version in C:\Users\User\Documents\iemand/DESCRIPTION
Warning: @examples [create_age.R#7]: requires a value
Writing NAMESPACE
Writing create_age.Rd

Restarting R session...

> library(iemand)
> use_git()
* Initialising repo
* Adding `.Rproj.user`, `.Rhistory`, `.RData` to ./.gitignore
* Adding files and committing

Restarting R session...

Warning message:
package ‘usethis’ was built under R version 3.4.3
> use_git()
> library("usethis", lib.loc="~/R/win-library/3.4")
> use_git()
> library("devtools", lib.loc="~/R/win-library/3.4")
> use_git()
> devtools::use_git()
* Git is already initialized
> use_mit_license()
Error: `name` argument is missing.
Set it globally with `options(usethis.full_name = "My name")`, probably in your '.Rprofile'
> use_mit_license(name = Marie Dussault)
Error: unexpected symbol in "use_mit_license(name = Marie Dussault"
> use_mit_license(name = "Marie Dussault")
✔ Writing 'LICENSE.md'
✔ Adding '^LICENSE\\.md$' to '.Rbuildignore'
✔ Writing 'LICENSE'
> devtools::use_git()
* Git is already initialized
> usethis::use_git()

Restarting R session...

Warning message:
package ‘usethis’ was built under R version 3.4.3
> usethis::use_git()
> ?iemand
No documentation for ‘iemand’ in specified packages and libraries:
you could try ‘??iemand’
> use_package_doc()
✔ Writing 'R/iemand-package.R'
> document()
Updating iemand documentation
Loading iemand
Warning: @examples [create_age.R#7]: requires a value
Writing iemand-package.Rd
> ?iemand
Using development documentation for iemand
> document()
Updating iemand documentation
Loading iemand
Writing create_age.Rd
> ?iemand
Using development documentation for iemand
> ?iemand
Using development documentation for iemand
> document()
Updating iemand documentation
Loading iemand
Writing iemand-package.Rd
> ?iemand
Using development documentation for iemand
> use_testthat()
✔ Adding 'testthat' to Suggests field in DESCRIPTION
✔ Creating 'tests/testthat/'
✔ Writing 'tests/testthat.R'
> use_test("create_age")
✔ Writing 'tests/testthat/test-create_age.R'
● Modify 'test-create_age.R'
> use_r("praise_nicely")
● Modify 'praise_nicely.R'
> load_all()
Loading iemand
> praise_nicely("everyone")
[1] "everyoneis S{adjective}"
> praise_nicely()
 Show Traceback

 Rerun with Debug
 Error in paste0(name, "is S{adjective}") :
  argument "name" is missing, with no default
> praise("everyone")
Error in praise("everyone") : could not find function "praise"
> praise_nicely("everyone")
[1] "everyoneis S{adjective}"
> load_all()
Loading iemand
> praise_nicely()
 Show Traceback

 Rerun with Debug
 Error in paste0(name, " is {adjective}") :
  argument "name" is missing, with no default
> praise_nicely("everyone")
[1] "everyone is {adjective}"
> use_package(package = "praise")
✔ Adding 'praise' to Imports field in DESCRIPTION
● Refer to functions with `praise::fun()`
> praise_nicely("everyone")
[1] "everyone is {adjective}"
> use_package("magrittr")
✔ Adding 'magrittr' to Imports field in DESCRIPTION
● Refer to functions with `magrittr::fun()`
> document()
Updating iemand documentation
Loading iemand
> ?iemand
Using development documentation for iemand
> load_all
function (pkg = ".", reset = TRUE, recompile = FALSE, export_all = TRUE,
    quiet = FALSE, create = NA)
{
    pkg <- as.package(pkg, create = create)
    check_suggested("roxygen2")
    if (!quiet)
        message("Loading ", pkg$package)
    if (pkg$package == "compiler") {
        oldEnabled <- compiler::enableJIT(0)
        on.exit(compiler::enableJIT(oldEnabled), TRUE)
    }
    roxygen2::update_collate(pkg$path)
    pkg$collate <- as.package(pkg$path)$collate
    if (is_loaded(pkg)) {
        eapply(ns_env(pkg), force, all.names = TRUE)
    }
    check <- ("tools" %:::% ".check_package_description")(file.path(pkg$path,
        "DESCRIPTION"))
    if (length(check) > 0) {
        msg <- utils::capture.output(("tools" %:::% "print.check_package_description")(check))
        message("Invalid DESCRIPTION:\n", paste(msg, collapse = "\n"))
    }
    if (is_loaded(pkg) && is.null(dev_meta(pkg$package))) {
        unload(pkg)
    }
    unload_dll(pkg)
    if (reset) {
        clear_cache()
        if (is_loaded(pkg))
            unload(pkg)
    }
    if (recompile)
        clean_dll(pkg)
    compile_dll(pkg, quiet = quiet)
    if (!is_loaded(pkg))
        create_ns_env(pkg)
    out <- list(env = ns_env(pkg))
    load_depends(pkg)
    load_imports(pkg)
    insert_imports_shims(pkg)
    out$data <- load_data(pkg)
    out$code <- load_code(pkg)
    register_s3(pkg)
    out$dll <- load_dll(pkg)
    run_pkg_hook(pkg, "load")
    run_ns_load_actions(pkg)
    run_user_hook(pkg, "load")
    setup_ns_exports(pkg, export_all)
    if (!is_attached(pkg))
        attach_ns(pkg)
    export_ns(pkg)
    run_pkg_hook(pkg, "attach")
    run_user_hook(pkg, "attach")
    if (uses_testthat(pkg)) {
        testthat::source_test_helpers(find_test_dir(pkg$path),
            env = pkg_env(pkg))
    }
    insert_global_shims()
    invisible(out)
}
<bytecode: 0x000000000a10f528>
<environment: namespace:devtools>
> load_all()
Loading iemand
> praise_nicely("me")
[1] "me is ace"
> praise_nicely("everyone")
[1] "everyone is wicked"
> document()
Updating iemand documentation
Loading iemand
Warning: @examples [praise_nicely.R#11]: requires a value
Writing NAMESPACE
Writing praise_nicely.Rd
> ?praise_nicely
Using development documentation for praise_nicely
> document()
Updating iemand documentation
Loading iemand
Writing praise_nicely.Rd
> ?praise_nicely
Using development documentation for praise_nicely
> ?praise_nicely
Using development documentation for praise_nicely
> document()
Updating iemand documentation
Loading iemand
Writing praise_nicely.Rd
> ?praise_nicely
Using development documentation for praise_nicely
> praise_nicely("everyone")
function (x)
{
    if (!is.character(x))
        x <- as.character(x)
    .Internal(toupper(x))
}
<bytecode: 0x0000000010bed940>
<environment: namespace:base>
> praise_nicely("everyone")
function (x)
{
    if (!is.character(x))
        x <- as.character(x)
    .Internal(toupper(x))
}
<bytecode: 0x0000000010bed940>
<environment: namespace:base>
> praise_nicely("everyone")
function (x)
{
    if (!is.character(x))
        x <- as.character(x)
    .Internal(toupper(x))
}
<bytecode: 0x0000000010bed940>
<environment: namespace:base>
> praise_nicely("everyone")
function (x)
{
    if (!is.character(x))
        x <- as.character(x)
    .Internal(toupper(x))
}
<bytecode: 0x0000000010bed940>
<environment: namespace:base>
> praise_nicely("everyone")
function (x)
{
    if (!is.character(x))
        x <- as.character(x)
    .Internal(toupper(x))
}
<bytecode: 0x0000000010bed940>
<environment: namespace:base>
> praise_nicely(everyone)
 Show Traceback

 Rerun with Debug
 Error in paste0(name, " is ${adjective}") : object 'everyone' not found
> load_all()
Loading iemand
> praise_nicely("everyone")
[1] "everyone is best"
> load_all()
Loading iemand
> praise_nicely("everyone")
Error in toupper() : argument "x" is missing, with no default
> load_all()
Loading iemand
> praise_nicely("everyone")
[1] "everyone is tremendous"
> ?praise_nicely
Using development documentation for praise_nicely
> document()
Updating iemand documentation
Loading iemand
Writing NAMESPACE
Writing praise_nicely.Rd
> ?praise_nicely
Using development documentation for praise_nicely
> load_all()
Loading iemand
> praise_nicely("everyone")
[1] "EVERYONE IS LAUDABLE"
> document()
Updating iemand documentation
Loading iemand
> praise_nicely("Me")
[1] "ME IS EPIC"
> use_data_raw()
✔ Adding '^data-raw$' to '.Rbuildignore'
Next:
● Add data creation scripts in 'data-raw'
● Use usethis::use_data() to add data to package
> girls_names <- readr::read_csv("data-raw/girls_names.csv")
Parsed with column specification:
cols(
  First_name_created = col_character(),
  Frequency = col_integer()
)
> girls_names$sex <- "female"
>
> boys_names <- readr::read_csv("data-raw/boys_names.csv")
Parsed with column specification:
cols(
  First_name_created = col_character(),
  Frequency = col_integer()
)
> boys_names$sex <- "male"
>
> sa_names <- rbind(girls_names, boys_names)
>
> names(sa_names) <- c("first_name", "number", "sex")
>
> usethis::use_data(sa_names, overwrite = TRUE)
✔ Creating 'data/'
✔ Saving sa_names to data/sa_names.rda


Restarting R session...

Warning message:
package ‘usethis’ was built under R version 3.4.3
> library(iemand)
> sa_names
Error: object 'sa_names' not found
> sa_names
Error: object 'sa_names' not found
> load("~/iemand/data/sa_names.rda")
> sa_names
                      first_name number    sex
1                           <NA>     NA female
2                         Amahle   2721 female
3                      Amogelang   2571 female
4                      Melokuhle   2356 female
5                        Omphile   2256 female
6                       Luthando   2250 female
7                         Lesedi   2113 female
8                   Thandolwethu   2112 female
9                      Rethabile   2038 female
10                       Lethabo   2003 female
11                      Minenhle   1970 female
12                        Naledi   1958 female
13                        Karabo   1790 female
14                        Okuhle   1745 female
15                   Tshegofatso   1745 female
16                      Iminathi   1610 female
17                        Esihle   1591 female
18                      Bokamoso   1574 female
19                        Emihle   1571 female
20                       Olwethu   1560 female
21                          Mpho   1510 female
22                      Asemahle   1490 female
23                      Kamogelo   1484 female
24                     Boitumelo   1474 female
25                       Alwande   1469 female
26                        Aphiwe   1445 female
27                        Lerato   1441 female
28                     Mbalenhle   1425 female
29                    Siphesihle   1387 female
30                         Anele   1384 female
31                        Bonolo   1326 female
32                       Ziyanda   1292 female
33                      Aphelele   1222 female
34                       Oratile   1133 female
35                       Andiswa   1127 female
36                       Katlego   1120 female
37                        Dimpho   1103 female
38                   Siyamthanda   1096 female
39                    Lethokuhle   1076 female
40                        Bontle   1064 female
41                       Lwandle   1050 female
42                         Angel   1041 female
43                        Ayanda   1024 female
44                      Reneilwe   1018 female
45                      Precious    993 female
46                        Elihle    973 female
47                        Asanda    969 female
48                       Ofentse    965 female
49                     Amohelang    952 female
50                       Koketso    952 female
51                      Alunamda    951 female
52                        Amanda    945 female
53                       Khayone    931 female
54                        Palesa    925 female
55                       Nosipho    921 female
56                     Sphesihle    908 female
57                        Lesego    905 female
58                         Thato    905 female
59                        Owethu    895 female
60                       Lubanzi    892 female
61                       Bohlale    884 female
62                        Bokang    883 female
63                        Oluhle    854 female
64                    Lisakhanya    853 female
65                      Busisiwe    852 female
66                      Princess    852 female
67                       Sibahle    838 female
68                       Nqobile    813 female
69                      Oratilwe    803 female
70                           Mia    802 female
71                         Buhle    800 female
72                      Lebogang    796 female
73                    Reatlegile    792 female
74                      Ayabonga    786 female
75                    Siphosethu    777 female
76                    Noluthando    756 female
77                       Luyanda    748 female
78                     Enzokuhle    746 female
79                     Reabetswe    746 female
80                       Sisanda    740 female
81                      Blessing    725 female
82                         Owami    725 female
83                    Kelebogile    723 female
84                       Kungawo    722 female
85                      Simphiwe    719 female
86                         Enhle    702 female
87                       Refilwe    695 female
88                     Onthatile    694 female
89                           Neo    689 female
90                    Relebohile    686 female
91                         Dineo    685 female
92                    Reitumetse    685 female
93                       Zenande    685 female
94                    Nthabeleng    681 female
95                       Tshiamo    681 female
96                       Olerato    678 female
97                     Mbalentle    675 female
98                     Keabetswe    672 female
99                    Keitumetse    668 female
100                        Faith    656 female
101                   Lindokuhle    653 female
102                     Rorisang    648 female
103                      Alondwe    628 female
104                     Asiphile    620 female
105                     Kutlwano    616 female
106                   Nthabiseng    613 female
107                       Thando    613 female
108                     Minentle    611 female
109                      Nolwazi    610 female
110                         Hope    605 female
111                   Phiwokuhle    599 female
112                    Asimbonge    594 female
113                    Kgothatso    592 female
114                      Omolemo    591 female
115                   Khanyisile    589 female
116                      Kwanele    584 female
117                  Nompumelelo    582 female
118                  Keamogetswe    568 female
119                     Botshelo    560 female
120                      Paballo    559 female
121                        Mbali    558 female
122                   Sinothando    557 female
123                         Leah    554 female
124                       Sbahle    552 female
125                       Esethu    548 female
126                   Relebogile    548 female
127                       Asiphe    547 female
128                       Akhona    546 female
129                     Oarabile    541 female
130                     Tshepiso    539 female
131                       Anathi    538 female
132                    Remofilwe    527 female
133                    Itumeleng    526 female
134                     Onalenna    526 female
135                       Tebogo    518 female
136                       Unathi    516 female
137                       Banele    510 female
138                  Samkelisiwe    508 female
139                       Aphile    505 female
140                       Zinhle    505 female
141                          Ava    504 female
142                     Thandeka    500 female
143                     Asenathi    498 female
144                   Sanelisiwe    497 female
145                      Nobuhle    496 female
146                  Slindokuhle    491 female
147                    Zanokuhle    484 female
148                     Atlegang    483 female
149                    Amukelani    480 female
150                     Senamile    477 female
151                       Masego    476 female
152                       Awande    472 female
153                     Mahlatse    469 female
154                    Anothando    465 female
155                     Lingomso    464 female
156                 Ntandoyenkos    464 female
157                     Isabella    462 female
158                      Sisipho    457 female
159                      Mandisa    456 female
160                    Olothando    456 female
161                  Tshireletso    451 female
162                    Dimakatso    450 female
163                        Emily    447 female
164                    Siphokazi    445 female
165                      Lusanda    443 female
166                       Imange    439 female
167                    Indiphile    438 female
168                     Tshepang    438 female
169                      Abigail    434 female
170                       Ntando    431 female
171                     Nothando    429 female
172                   Zekhethelo    428 female
173                  Thembelihle    427 female
174                       Andile    426 female
175                     Abenathi    423 female
176                   Hlelokuhle    422 female
177                    Snothando    422 female
178                    Onalerona    419 female
179                        Grace    416 female
180                      Mokgadi    413 female
181                      Thatego    412 female
182                   Onkarabile    410 female
183                      Mamello    393 female
184                       Azande    392 female
185                       Zanele    392 female
186                   Nonhlanhla    391 female
187                   Tsholofelo    391 female
188                        Maria    390 female
189                        Iviwe    388 female
190                 Sinenhlanhla    385 female
191                     Linomtha    384 female
192                     Lebohang    381 female
193                       Gontse    380 female
194                   Avethandwa    379 female
195                     Botlhale    377 female
196                       Likuwe    377 female
197                      Anelisa    375 female
198                   Linamandla    375 female
199                    Nonjabulo    374 female
200                       Amyoli    373 female
201                    Sibongile    373 female
202                      Ntokozo    372 female
203                     Isiphile    371 female
204                      Katleho    370 female
205                        Lihle    370 female
206                      Bophelo    367 female
207                       Inathi    367 female
208                      Yamkela    366 female
209                     Kgomotso    364 female
210                       Mivuyo    364 female
211                      Nkateko    359 female
212                        Entle    356 female
213                       Pretty    351 female
214                    Puseletso    350 female
215                  Simthandile    346 female
216                  Snenhlanhla    346 female
217                         Inam    345 female
218                      Lungile    345 female
219                         Mosa    342 female
220                     Lwandile    340 female
221                    Nkazimulo    340 female
222                       Hannah    339 female
223                      Lulonke    337 female
224                  Nomthandazo    337 female
225                        Amila    336 female
226                  Lehlogonolo    333 female
227                       Ntsako    333 female
228                      Yolanda    333 female
229                    Realeboga    330 female
230                         Elam    328 female
231                   Philasande    328 female
232                     Keneilwe    326 female
233                     Nokwanda    324 female
234                     Thandiwe    323 female
235                      Jessica    322 female
236                    Boitshepo    320 female
237                    Nokubonga    319 female
238                    Gabriella    318 female
239                       Olivia    318 female
240                     Abongile    316 female
241                     Athandwa    314 female
242                       Khutso    314 female
243                    Elizabeth    311 female
244                        Sarah    306 female
245                     Endinako    305 female
246                     Kamohelo    305 female
247                    Happiness    304 female
248                 Hlelolwenkos    304 female
249                        Ovayo    301 female
250                    Snethemba    301 female
251                     Asibonge    299 female
252                         Emma    299 female
253                        Amile    294 female
254                      Londeka    294 female
255                    Oyintando    293 female
256                      Lunathi    292 female
257                        Onele    291 female
258                    Basetsana    290 female
259                      Boikano    290 female
260                        Esona    290 female
261                   Ndalwenhle    290 female
262                      Nompilo    290 female
263                   Sinethemba    288 female
264                       Angela    286 female
265                      Lindiwe    286 female
266                        Mogau    285 female
267                       Sinazo    284 female
268                         Mila    283 female
269                     Refentse    283 female
270                        Chloe    282 female
271                      Keletso    281 female
272                       Luniko    281 female
273                        Lunje    281 female
274                       Tumelo    279 female
275                     Karabelo    278 female
276                      Linathi    278 female
277                     Khazimla    276 female
278                     Michelle    274 female
279                      Abongwe    272 female
280                      Ivakele    272 female
281                   Syamthanda    272 female
282                      Bongiwe    270 female
283                      Mikhulu    269 female
284                        Sihle    268 female
285                        Hlelo    267 female
286                   Omphemetse    266 female
287                  Snakhokonke    266 female
288                   Langelihle    265 female
289                       Skylar    265 female
290                   Ntandokazi    264 female
291                        Khumo    262 female
292                        Riley    262 female
293                       Amelia    261 female
294                    Nondumiso    261 female
295                     Kananelo    260 female
296                       Kopano    260 female
297                     Nkanyezi    260 female
298                   Mpilwenhle    258 female
299                     Lindelwa    256 female
300                        Mohau    256 female
301                      Omaatla    256 female
302                     Aneliswa    255 female
303                       Warona    255 female
304                      Zandile    255 female
305                     Uminathi    254 female
306                    Misokuhle    253 female
307                    Sinesipho    253 female
308                     Nomfundo    252 female
309                        Kiara    251 female
310                        Layla    251 female
311                        Pearl    250 female
312                     Gomolemo    249 female
313                    Kgalalelo    249 female
314                      Nomcebo    248 female
315                      Lilitha    247 female
316                     Khensani    244 female
317                     Atlehang    243 female
318                         Owam    243 female
319                 Silindokuhle    243 female
320                       Noxolo    242 female
321                    Nokuthula    241 female
322                     Bohlokwa    238 female
323                   Kuhlekonke    238 female
324                       Lulama    238 female
325                        Avela    236 female
326                    Sinqobile    236 female
327                      Refiloe    235 female
328                       Mapula    234 female
329                 Samukelisiwe    234 female
330                    Simamkele    233 female
331                     Tiisetso    232 female
332                      Boipelo    231 female
333                    Mphoentle    231 female
 [ reached getOption("max.print") -- omitted 117734 rows ]
> document()
Updating iemand documentation
Loading iemand
Writing sa_names.Rd
> ?sa_names
Using development documentation for sa_names
> use_r("give_name")
● Modify 'give_name.R'
> load_all()
Loading iemand
> give_name()
[1] "Carlfonia"
> give_name(sex = "male")
[1] "Lolweetho"
> document()
Updating iemand documentation
Loading iemand
Warning: @examples [give_name.R#9]: requires a value
Writing NAMESPACE
Writing give_name.Rd
> ?give_name
Using development documentation for give_name
> 
